---
source: crabbing-interpreters/tests/testsuite/craftinginterpreters.rs
info:
  program: crabbing-interpreters
  args:
    - craftinginterpreters/test/return/after_else.lox
---
success: true
exit_code: 0
----- stdout -----
ok

----- stderr -----
