---
source: tests/testsuite/craftinginterpreters.rs
info:
  program: crabbing-interpreters
  args:
    - craftinginterpreters/test/unexpected_character.lox
---
success: false
exit_code: 65
----- stdout -----

----- stderr -----
[line 3] Error: Unterminated string.
