---
source: crabbing-interpreters/tests/testsuite/craftinginterpreters.rs
info:
  program: crabbing-interpreters
  args:
    - craftinginterpreters/test/string/multiline.lox
    - "--scopes"
    - "--stop-at=scopes"
---
success: true
exit_code: 0
----- stdout -----
(program
   (var a @1 "1\n2\n3")
   (print (local a @1)))

----- stderr -----
