---
source: crabbing-interpreters/tests/testsuite/craftinginterpreters.rs
info:
  program: crabbing-interpreters
  args:
    - craftinginterpreters/test/constructor/missing_arguments.lox
    - "--scopes"
    - "--stop-at=scopes"
---
success: true
exit_code: 0
----- stdout -----
(program
   (class Foo (global @1)
      (method init [(local a @0) (local b @1)] []
         (block)))
   (var foo (global @2) (call +2 (global Foo @1) 1.0)))

----- stderr -----
