---
source: crabbing-interpreters/tests/testsuite/craftinginterpreters.rs
info:
  program: crabbing-interpreters
  args:
    - craftinginterpreters/test/constructor/default.lox
---
success: true
exit_code: 0
----- stdout -----
<Foo instance at [POINTER]>

----- stderr -----
