---
source: crabbing-interpreters/tests/testsuite/main.rs
info:
  program: crabbing-interpreters
  args:
    - craftinginterpreters/test/closure/reuse_closure_slot.lox
---
success: true
exit_code: 0
----- stdout -----
a

----- stderr -----
