---
source: tests/testsuite/main.rs
info:
  program: crabbing-interpreters
  args: []
  stdin: true;
---
success: true
exit_code: 0
----- stdout -----
[0mÎ»Â» [1m[0m[38;2;170;034;255m[1m=> true[0m
[0mÎ»Â» [1m[0m
----- stderr -----
