---
source: crabbing-interpreters/tests/testsuite/main.rs
info:
  program: crabbing-interpreters
  args:
    - craftinginterpreters/test/assignment/local.lox
---
success: true
exit_code: 0
----- stdout -----
before
after
arg
arg

----- stderr -----
