---
source: crabbing-interpreters/tests/testsuite/main.rs
info:
  program: crabbing-interpreters
  args:
    - craftinginterpreters/test/variable/local_from_method.lox
---
success: true
exit_code: 0
----- stdout -----
variable

----- stderr -----
