---
source: crabbing-interpreters/tests/testsuite/craftinginterpreters.rs
info:
  program: crabbing-interpreters
  args:
    - craftinginterpreters/test/method/not_found.lox
    - "--scopes"
    - "--stop-at=scopes"
---
success: true
exit_code: 0
----- stdout -----
(program
   (class Foo (global @1))
   (expr (call +2 (attr (call +2 (global Foo @1)) unknown))))

----- stderr -----
