---
source: crabbing-interpreters/tests/testsuite/main.rs
info:
  program: crabbing-interpreters
  args: []
  stdin: "var x = 42;\nprint x;"
---
success: true
exit_code: 0
----- stdout -----
[0mÎ»Â» [1m[0m[0mÎ»Â» [1m[0m42
[0mÎ»Â» [1m[0m
----- stderr -----
