---
source: crabbing-interpreters/tests/testsuite/craftinginterpreters.rs
info:
  program: crabbing-interpreters
  args:
    - craftinginterpreters/test/closure/nested_closure.lox
    - "--scopes"
    - "--stop-at=scopes"
---
success: true
exit_code: 0
----- stdout -----
(program
   (var f @1 âˆ…)
   (fun f1 @2 []
      (block
         (var a @0 "a")
         (fun f2 @0 []
            (block
               (var b @0 "b")
               (fun f3 @0 []
                  (block
                     (var c @0 "c")
                     (fun f4 @0 []
                        (block
                           (print (name-error a))
                           (print (name-error b))
                           (print (name-error c))))
                     (expr (= f (global 1) (local f4 @0)))))
               (expr (call +1 (local f3 @0)))))
         (expr (call +1 (local f2 @0)))))
   (expr (call +3 (local f1 @2)))
   (expr (call +3 (local f @1))))

----- stderr -----
