---
source: crabbing-interpreters/tests/testsuite/craftinginterpreters.rs
info:
  program: crabbing-interpreters
  args:
    - craftinginterpreters/test/number/decimal_point_at_eof.lox
---
success: false
exit_code: 65
----- stdout -----

----- stderr -----
Error: Expect a binary operator.
   ╭─[craftinginterpreters/test/number/decimal_point_at_eof.lox:2:4]
   │
 2 │ 123.
   │    ─  
   │        
───╯
