---
source: crabbing-interpreters/tests/testsuite/craftinginterpreters.rs
info:
  program: crabbing-interpreters
  args:
    - craftinginterpreters/test/method/too_many_parameters.lox
---
success: true
exit_code: 0
----- stdout -----

----- stderr -----
