---
source: crabbing-interpreters/tests/testsuite/craftinginterpreters.rs
info:
  program: crabbing-interpreters
  args:
    - craftinginterpreters/test/class/reference_self.lox
    - "--scopes"
    - "--stop-at=scopes"
---
success: true
exit_code: 0
----- stdout -----
(program
   (class Foo (global @1) âˆ…
      (method returnSelf [(local this @0)] []
         (block
            (return (global Foo @1)))))
   (print (call +2 (attr (call +2 (global Foo @1)) returnSelf))))

----- stderr -----
