---
source: tests/testsuite/craftinginterpreters.rs
info:
  program: crabbing-interpreters
  args:
    - craftinginterpreters/test/operator/not_class.lox
---
success: false
exit_code: 65
----- stdout -----

----- stderr -----
[line 1] Error at 'class': Expect expression.
