---
source: tests/testsuite/craftinginterpreters.rs
info:
  program: crabbing-interpreters
  args:
    - craftinginterpreters/test/if/var_in_then.lox
---
success: false
exit_code: 65
----- stdout -----

----- stderr -----
[line 2] Error at 'var': Expect expression.
